../Core/Src/main.c:85:5:main	8	static
../Core/Src/main.c:141:6:SystemClock_Config	72	static
../Core/Src/main.c:181:13:MX_I2C1_Init	8	static
../Core/Src/main.c:215:13:MX_TIM2_Init	32	static
../Core/Src/main.c:260:13:MX_USART1_UART_Init	8	static
../Core/Src/main.c:291:13:MX_DMA_Init	16	static
../Core/Src/main.c:309:13:MX_GPIO_Init	40	static
../Core/Src/main.c:338:6:HAL_TIM_PeriodElapsedCallback	16	static
../Core/Src/main.c:360:6:Update_Scheduler_Period	24	static
../Core/Src/main.c:377:6:Error_Handler	4	static,ignoring_inline_asm
